../Core/Src/stm32g4xx_hal_msp.c:65:6:HAL_MspInit	8	static
../Core/Src/stm32g4xx_hal_msp.c:87:6:HAL_SPI_MspInit	40	static
../Core/Src/stm32g4xx_hal_msp.c:124:6:HAL_SPI_MspDeInit	0	static
../Core/Src/stm32g4xx_hal_msp.c:154:6:HAL_TIM_Base_MspInit	8	static
../Core/Src/stm32g4xx_hal_msp.c:170:6:HAL_TIM_MspPostInit	32	static
../Core/Src/stm32g4xx_hal_msp.c:202:6:HAL_TIM_Base_MspDeInit	0	static
../Core/Src/stm32g4xx_hal_msp.c:224:6:HAL_PCD_MspInit	80	static
../Core/Src/stm32g4xx_hal_msp.c:257:6:HAL_PCD_MspDeInit	0	static
