../Drivers/CMSIS/Include/core_cm4.h:2059:26:ITM_SendChar	16	static,ignoring_inline_asm
../Core/Src/main.c:64:9:BMI088_GyroRead8	32	static
../Core/Src/main.c:78:9:BMI088_AccelRead8	32	static
../Core/Src/main.c:92:9:BMI088_GyroWrite8	24	static
../Core/Src/main.c:108:5:main	16	static
../Core/Src/main.c:180:6:SystemClock_Config	88	static
../Core/Src/main.c:227:13:MX_SPI1_Init	8	static
../Core/Src/main.c:267:13:MX_TIM3_Init	64	static
../Core/Src/main.c:326:13:MX_USB_PCD_Init	8	static
../Core/Src/main.c:359:13:MX_GPIO_Init	48	static
../Core/Src/main.c:382:5:_write	32	static
../Core/Src/main.c:395:6:Error_Handler	4	static,ignoring_inline_asm
